// Jest Snapshot v1, https://goo.gl/fbAQLP

exports[`Transcript Component should match snapshot (temp) 1`] = `
.emotion-0 {
  background-color: #FFFFFF;
  display: block;
  border: solid 0.1875rem transparent;
}

.emotion-0 summary svg {
  color: #141414;
  fill: currentcolor;
  width: 1rem;
  height: 1rem;
  vertical-align: text-top;
}

.emotion-0[open] summary svg {
  -webkit-transform: rotate(90deg);
  -moz-transform: rotate(90deg);
  -ms-transform: rotate(90deg);
  transform: rotate(90deg);
}

.emotion-1 {
  list-style: none;
  padding: 1rem 0.25rem;
}

.emotion-1::-webkit-details-marker {
  display: none;
}

.emotion-1:hover,
.emotion-1:focus {
  cursor: pointer;
}

.emotion-1:hover span,
.emotion-1:focus span {
  -webkit-text-decoration: underline;
  text-decoration: underline;
}

.emotion-1:focus-visible {
  outline: 0.1875rem solid #000000;
  outline-offset: -0.375rem;
}

.emotion-2 {
  color: #141414;
  font-size: 0.9375rem;
  line-height: 1.25rem;
  font-family: ReithSans,Helvetica,Arial,sans-serif;
  font-style: normal;
  font-weight: 700;
  color: #141414;
  -webkit-padding-start: 0.25rem;
  padding-inline-start: 0.25rem;
}

@media (min-width: 20rem) and (max-width: 37.4375rem) {
  .emotion-2 {
    font-size: 1rem;
    line-height: 1.25rem;
  }
}

@media (min-width: 37.5rem) {
  .emotion-2 {
    font-size: 1rem;
    line-height: 1.25rem;
  }
}

.emotion-3 {
  -webkit-clip-path: inset(100%);
  clip-path: inset(100%);
  clip: rect(1px, 1px, 1px, 1px);
  height: 1px;
  overflow: hidden;
  position: absolute;
  width: 1px;
  margin: 0;
}

.emotion-4 {
  color: #141414;
  font-size: 0.875rem;
  line-height: 1.125rem;
  font-family: ReithSans,Helvetica,Arial,sans-serif;
  font-style: normal;
  font-weight: 400;
  color: #545658;
  display: block;
  padding-bottom: 1rem;
  padding-inline: 0.5rem;
}

@media (min-width: 20rem) and (max-width: 37.4375rem) {
  .emotion-4 {
    font-size: 0.875rem;
    line-height: 1.125rem;
  }
}

@media (min-width: 37.5rem) {
  .emotion-4 {
    font-size: 0.8125rem;
    line-height: 1rem;
  }
}

.emotion-5 {
  padding: 0 0.5rem;
  list-style: none;
  margin: 0;
}

.emotion-6 {
  padding-bottom: 1rem;
}

.emotion-6::after {
  content: "";
  display: block;
  clear: both;
}

.emotion-7 {
  color: #141414;
  font-size: 0.9375rem;
  line-height: 1.25rem;
  font-family: ReithSans,Helvetica,Arial,sans-serif;
  font-style: normal;
  font-weight: 400;
  color: #545658;
}

@media (min-width: 20rem) and (max-width: 37.4375rem) {
  .emotion-7 {
    font-size: 1rem;
    line-height: 1.375rem;
  }
}

@media (min-width: 37.5rem) {
  .emotion-7 {
    font-size: 1rem;
    line-height: 1.375rem;
  }
}

.emotion-8 {
  float: inline-start;
  width: 100%;
}

@media (min-width: 15rem) {
  .emotion-8 {
    width: auto;
  }
}

.emotion-10 {
  float: inline-start;
  width: 100%;
}

@media (min-width: 15rem) {
  .emotion-10 {
    -webkit-padding-start: 0.5rem;
    padding-inline-start: 0.5rem;
    width: calc(75% - 0.5rem);
  }
}

@media (min-width: 25rem) {
  .emotion-10 {
    width: calc(85% - 0.5rem);
  }
}

@media (min-width: 37.5rem) {
  .emotion-10 {
    -webkit-padding-start: 1rem;
    padding-inline-start: 1rem;
    width: calc(90% - 1rem);
  }
}

<div>
  <details
    class="emotion-0"
  >
    <summary
      class="emotion-1"
    >
      <svg
        aria-hidden="true"
        focusable="false"
        height="12"
        viewBox="0 0 32 32"
        width="12"
      >
        <g>
          <path
            d="M12.6,26.7L23.2,16L12.6,5.3H8.8v21.4H12.6z"
          />
        </g>
      </svg>
      <span
        role="text"
      >
        <span
          class="emotion-2"
        >
          Read transcript
        </span>
        <span
          class="emotion-3"
        >
          , My Title
        </span>
      </span>
    </summary>
    <small
      class="emotion-4"
    >
      This transcript has been reviewed by a journalist, it was generated with AI (artificial intelligence).
    </small>
    <ul
      class="emotion-5"
      role="list"
    >
      <li
        class="emotion-6"
      >
        <span
          class="emotion-7"
          role="text"
        >
          <span
            class="emotion-8"
          >
            00:00
          </span>
          <span
            class="emotion-3"
          >
             
          </span>
          <span
            class="emotion-10"
          >
            Na nutsu.
          </span>
        </span>
      </li>
      <li
        class="emotion-6"
      >
        <span
          class="emotion-7"
          role="text"
        >
          <span
            class="emotion-8"
          >
            00:01
          </span>
          <span
            class="emotion-3"
          >
             
          </span>
          <span
            class="emotion-10"
          >
            Ni 19 ne kuma wannan ita ce motata tafarko da na saya da kaina.
          </span>
        </span>
      </li>
      <li
        class="emotion-6"
      >
        <span
          class="emotion-7"
          role="text"
        >
          <span
            class="emotion-8"
          >
            00:04
          </span>
          <span
            class="emotion-3"
          >
             
          </span>
          <span
            class="emotion-10"
          >
            Na 1938 Austin goma Cambridge.
          </span>
        </span>
      </li>
      <li
        class="emotion-6"
      >
        <span
          class="emotion-7"
          role="text"
        >
          <span
            class="emotion-8"
          >
            00:14
          </span>
          <span
            class="emotion-3"
          >
             
          </span>
          <span
            class="emotion-10"
          >
            A koyaushe ina sha'awar tarihin cewa akwaia cikin daji.
          </span>
        </span>
      </li>
      <li
        class="emotion-6"
      >
        <span
          class="emotion-7"
          role="text"
        >
          <span
            class="emotion-8"
          >
            00:18
          </span>
          <span
            class="emotion-3"
          >
             
          </span>
          <span
            class="emotion-10"
          >
            Don haka ba shakka, lokacin da nake samunkatina, dole ne ya zama tsohon.
          </span>
        </span>
      </li>
      <li
        class="emotion-6"
      >
        <span
          class="emotion-7"
          role="text"
        >
          <span
            class="emotion-8"
          >
            00:21
          </span>
          <span
            class="emotion-3"
          >
             
          </span>
          <span
            class="emotion-10"
          >
            Ba zai taba zama motar zamani ba.
          </span>
        </span>
      </li>
      <li
        class="emotion-6"
      >
        <span
          class="emotion-7"
          role="text"
        >
          <span
            class="emotion-8"
          >
            00:24
          </span>
          <span
            class="emotion-3"
          >
             
          </span>
          <span
            class="emotion-10"
          >
            1112 shine lokacin da na yanke shawararcewa ina son daya da gaske kuma zan fara
          </span>
        </span>
      </li>
      <li
        class="emotion-6"
      >
        <span
          class="emotion-7"
          role="text"
        >
          <span
            class="emotion-8"
          >
            00:28
          </span>
          <span
            class="emotion-3"
          >
             
          </span>
          <span
            class="emotion-10"
          >
            tarawa ɗaya.
          </span>
        </span>
      </li>
      <li
        class="emotion-6"
      >
        <span
          class="emotion-7"
          role="text"
        >
          <span
            class="emotion-8"
          >
            00:29
          </span>
          <span
            class="emotion-3"
          >
             
          </span>
          <span
            class="emotion-10"
          >
            Don haka akwai 'yan kudin aljihu daabubuwa makamantansu.
          </span>
        </span>
      </li>
      <li
        class="emotion-6"
      >
        <span
          class="emotion-7"
          role="text"
        >
          <span
            class="emotion-8"
          >
            00:31
          </span>
          <span
            class="emotion-3"
          >
             
          </span>
          <span
            class="emotion-10"
          >
            Ƙananan ayyuka.
          </span>
        </span>
      </li>
      <li
        class="emotion-6"
      >
        <span
          class="emotion-7"
          role="text"
        >
          <span
            class="emotion-8"
          >
            00:32
          </span>
          <span
            class="emotion-3"
          >
             
          </span>
          <span
            class="emotion-10"
          >
            Zan sake yin ɗan kuɗin aljihu, ajiye shi.
          </span>
        </span>
      </li>
      <li
        class="emotion-6"
      >
        <span
          class="emotion-7"
          role="text"
        >
          <span
            class="emotion-8"
          >
            00:35
          </span>
          <span
            class="emotion-3"
          >
             
          </span>
          <span
            class="emotion-10"
          >
            Sannan a lokacin da nake makarantarsakandare, na samu aikin wucin gadi na,
          </span>
        </span>
      </li>
      <li
        class="emotion-6"
      >
        <span
          class="emotion-7"
          role="text"
        >
          <span
            class="emotion-8"
          >
            00:39
          </span>
          <span
            class="emotion-3"
          >
             
          </span>
          <span
            class="emotion-10"
          >
            sai wani bangare na albashina ya tafi,wanda hakan ya taimaka mini da sauri.
          </span>
        </span>
      </li>
      <li
        class="emotion-6"
      >
        <span
          class="emotion-7"
          role="text"
        >
          <span
            class="emotion-8"
          >
            00:43
          </span>
          <span
            class="emotion-3"
          >
             
          </span>
          <span
            class="emotion-10"
          >
            Ya kasance matashi sosai kuma yana tare dakakan da kaina da yawa.
          </span>
        </span>
      </li>
      <li
        class="emotion-6"
      >
        <span
          class="emotion-7"
          role="text"
        >
          <span
            class="emotion-8"
          >
            00:49
          </span>
          <span
            class="emotion-3"
          >
             
          </span>
          <span
            class="emotion-10"
          >
            Kuma um, sun kasance suna son, um,tsofaffin jiragen kasa na tururi da, um,
          </span>
        </span>
      </li>
      <li
        class="emotion-6"
      >
        <span
          class="emotion-7"
          role="text"
        >
          <span
            class="emotion-8"
          >
            00:55
          </span>
          <span
            class="emotion-3"
          >
             
          </span>
          <span
            class="emotion-10"
          >
            John yana da wasu motoci da ƙananan motocikuma ya kira su suna son duk tsofaffin
          </span>
        </span>
      </li>
      <li
        class="emotion-6"
      >
        <span
          class="emotion-7"
          role="text"
        >
          <span
            class="emotion-8"
          >
            01:01
          </span>
          <span
            class="emotion-3"
          >
             
          </span>
          <span
            class="emotion-10"
          >
            masu salo, wanda muke tunanin yana da bandariya sosai.
          </span>
        </span>
      </li>
      <li
        class="emotion-6"
      >
        <span
          class="emotion-7"
          role="text"
        >
          <span
            class="emotion-8"
          >
            01:06
          </span>
          <span
            class="emotion-3"
          >
             
          </span>
          <span
            class="emotion-10"
          >
            Wannan shine ainihin daftari da na samutare da wanda zai zo da kati a lokacin.
          </span>
        </span>
      </li>
      <li
        class="emotion-6"
      >
        <span
          class="emotion-7"
          role="text"
        >
          <span
            class="emotion-8"
          >
            01:12
          </span>
          <span
            class="emotion-3"
          >
             
          </span>
          <span
            class="emotion-10"
          >
            Kudin can £215, shilling 16 da £11 kenan.
          </span>
        </span>
      </li>
      <li
        class="emotion-6"
      >
        <span
          class="emotion-7"
          role="text"
        >
          <span
            class="emotion-8"
          >
            01:21
          </span>
          <span
            class="emotion-3"
          >
             
          </span>
          <span
            class="emotion-10"
          >
            Dama.
          </span>
        </span>
      </li>
      <li
        class="emotion-6"
      >
        <span
          class="emotion-7"
          role="text"
        >
          <span
            class="emotion-8"
          >
            01:21
          </span>
          <span
            class="emotion-3"
          >
             
          </span>
          <span
            class="emotion-10"
          >
            Kuna da abubuwa kamar haruffan zirga-zirga.
          </span>
        </span>
      </li>
      <li
        class="emotion-6"
      >
        <span
          class="emotion-7"
          role="text"
        >
          <span
            class="emotion-8"
          >
            01:25
          </span>
          <span
            class="emotion-3"
          >
             
          </span>
          <span
            class="emotion-10"
          >
            Akwai a cikin allonku ɗaya, gidaje.
          </span>
        </span>
      </li>
      <li
        class="emotion-6"
      >
        <span
          class="emotion-7"
          role="text"
        >
          <span
            class="emotion-8"
          >
            01:31
          </span>
          <span
            class="emotion-3"
          >
             
          </span>
          <span
            class="emotion-10"
          >
            Kamar da yawa.
          </span>
        </span>
      </li>
      <li
        class="emotion-6"
      >
        <span
          class="emotion-7"
          role="text"
        >
          <span
            class="emotion-8"
          >
            01:33
          </span>
          <span
            class="emotion-3"
          >
             
          </span>
          <span
            class="emotion-10"
          >
            Na tabbata zan kasance kyakkyawa a ranarzafi mai zafi.
          </span>
        </span>
      </li>
      <li
        class="emotion-6"
      >
        <span
          class="emotion-7"
          role="text"
        >
          <span
            class="emotion-8"
          >
            01:35
          </span>
          <span
            class="emotion-3"
          >
             
          </span>
          <span
            class="emotion-10"
          >
            Ban sami wannan damar ba tukuna, kodayake.
          </span>
        </span>
      </li>
      <li
        class="emotion-6"
      >
        <span
          class="emotion-7"
          role="text"
        >
          <span
            class="emotion-8"
          >
            01:37
          </span>
          <span
            class="emotion-3"
          >
             
          </span>
          <span
            class="emotion-10"
          >
            Kuma akwai anti dazzle kuma.
          </span>
        </span>
      </li>
      <li
        class="emotion-6"
      >
        <span
          class="emotion-7"
          role="text"
        >
          <span
            class="emotion-8"
          >
            01:40
          </span>
          <span
            class="emotion-3"
          >
             
          </span>
          <span
            class="emotion-10"
          >
            Wannan saitin a bayyane yake a cikinwannan motar.
          </span>
        </span>
      </li>
      <li
        class="emotion-6"
      >
        <span
          class="emotion-7"
          role="text"
        >
          <span
            class="emotion-8"
          >
            01:42
          </span>
          <span
            class="emotion-3"
          >
             
          </span>
          <span
            class="emotion-10"
          >
            Yin tuƙi a ciki, da gaske kun sami ma'anartarihi fiye da yadda za ku taɓa samu.
          </span>
        </span>
      </li>
      <li
        class="emotion-6"
      >
        <span
          class="emotion-7"
          role="text"
        >
          <span
            class="emotion-8"
          >
            01:47
          </span>
          <span
            class="emotion-3"
          >
             
          </span>
          <span
            class="emotion-10"
          >
            Tsaya ka gan su a tsaye a cikin gidankayan gargajiya kuma ina nufin da yawa
          </span>
        </span>
      </li>
      <li
        class="emotion-6"
      >
        <span
          class="emotion-7"
          role="text"
        >
          <span
            class="emotion-8"
          >
            01:50
          </span>
          <span
            class="emotion-3"
          >
             
          </span>
          <span
            class="emotion-10"
          >
            daga cikin wadannan motoci da gidajentarihi da abin da ba, ba zan sake komawa.
          </span>
        </span>
      </li>
      <li
        class="emotion-6"
      >
        <span
          class="emotion-7"
          role="text"
        >
          <span
            class="emotion-8"
          >
            01:53
          </span>
          <span
            class="emotion-3"
          >
             
          </span>
          <span
            class="emotion-10"
          >
            Su kenan har karshen rayuwarsu da gidankayan gargajiya.
          </span>
        </span>
      </li>
      <li
        class="emotion-6"
      >
        <span
          class="emotion-7"
          role="text"
        >
          <span
            class="emotion-8"
          >
            01:57
          </span>
          <span
            class="emotion-3"
          >
             
          </span>
          <span
            class="emotion-10"
          >
            Kuma ba abin da suke can ba ne.
          </span>
        </span>
      </li>
      <li
        class="emotion-6"
      >
        <span
          class="emotion-7"
          role="text"
        >
          <span
            class="emotion-8"
          >
            01:58
          </span>
          <span
            class="emotion-3"
          >
             
          </span>
          <span
            class="emotion-10"
          >
            Ana son a yi amfani da su kuma a more su.
          </span>
        </span>
      </li>
      <li
        class="emotion-6"
      >
        <span
          class="emotion-7"
          role="text"
        >
          <span
            class="emotion-8"
          >
            02:00
          </span>
          <span
            class="emotion-3"
          >
             
          </span>
          <span
            class="emotion-10"
          >
            Don haka, eh, abin da nake yi ke nan.
          </span>
        </span>
      </li>
    </ul>
  </details>
</div>
`;
