// Jest Snapshot v1, https://goo.gl/fbAQLP

exports[`Sign Post should render a 'Help reduce your power consumption' message 1`] = `
.emotion-0 {
  position: absolute;
  color: #FFFFFF;
  padding: 0.5rem;
  display: -webkit-box;
  display: -webkit-flex;
  display: -ms-flexbox;
  display: flex;
  -webkit-box-flex-wrap: nowrap;
  -webkit-flex-wrap: nowrap;
  -ms-flex-wrap: nowrap;
  flex-wrap: nowrap;
  background: rgba(14, 98, 0, 0.9);
  height: 100%;
  width: 100%;
  z-index: 1;
}

@media (min-width: 25rem) {
  .emotion-0 {
    left: calc(100% - 15.625rem);
    width: 15.625rem;
    height: unset;
  }
}

@media (max-width: 18.75rem) {
  .emotion-0 {
    padding: 1rem;
  }
}

.emotion-1 {
  fill: #FFFFFF;
  margin-top: 0.125rem;
  -webkit-margin-end: 0.5rem;
  margin-inline-end: 0.5rem;
  -webkit-margin-start: 0.25rem;
  margin-inline-start: 0.25rem;
}

@media screen and (forced-colors: active) {
  .emotion-1 path {
    fill: currentColor;
  }
}

@media (max-width: 18.75rem) {
  .emotion-1 {
    display: none;
  }
}

.emotion-2 {
  color: #141414;
  font-size: 0.9375rem;
  line-height: 1.25rem;
  font-family: ReithSans,Helvetica,Arial,sans-serif;
  font-style: normal;
  font-weight: 400;
  margin: 0;
  color: #FFFFFF;
}

@media (min-width: 20rem) and (max-width: 37.4375rem) {
  .emotion-2 {
    font-size: 1rem;
    line-height: 1.375rem;
  }
}

@media (min-width: 37.5rem) {
  .emotion-2 {
    font-size: 1rem;
    line-height: 1.375rem;
  }
}

.emotion-3 {
  margin: 1rem 0 0.25rem 0;
}

.emotion-4 {
  all: unset;
}

.emotion-4:focus {
  outline: 0.1875rem solid #000000;
  box-shadow: 0 0 0 0.1875rem #FFFFFF;
  outline-offset: 0.1875rem;
}

.emotion-5 {
  fill: #FFFFFF;
  margin: 0 0.2rem 0 0;
}

@media screen and (forced-colors: active) {
  .emotion-5 path {
    fill: currentColor;
  }
}

.emotion-6 {
  color: #141414;
  font-size: 0.9375rem;
  line-height: 1.25rem;
  font-family: ReithSans,Helvetica,Arial,sans-serif;
  font-style: normal;
  font-weight: 400;
  margin: 0;
  color: #FFFFFF;
  border-bottom: 0.0625rem solid #FFFFFF;
}

@media (min-width: 20rem) and (max-width: 37.4375rem) {
  .emotion-6 {
    font-size: 1rem;
    line-height: 1.375rem;
  }
}

@media (min-width: 37.5rem) {
  .emotion-6 {
    font-size: 1rem;
    line-height: 1.375rem;
  }
}

.placeholder:hover .emotion-6,
.placeholder:focus .emotion-6 {
  border-bottom: 0.125rem solid #FFFFFF;
}

.emotion-7 {
  -webkit-clip-path: inset(100%);
  clip-path: inset(100%);
  clip: rect(1px, 1px, 1px, 1px);
  height: 1px;
  overflow: hidden;
  position: absolute;
  width: 1px;
  margin: 0;
}

<div>
  <div
    class="emotion-0"
  >
    <svg
      aria-hidden="true"
      class="emotion-1"
      focusable="false"
      height="2rem"
      viewBox="0 0 1.51 1.83"
      width="4rem"
      xmlns="http://www.w3.org/2000/svg"
    >
      <path
        d="M.76,1.51c.42,0,.76-.33.76-.76s-.33-.75-.76-.75-.76.32-.76.75.33.76.76.76M.76,1.34C.43,1.34.17,1.09.17.76S.43.16.76.16s.59.26.59.59-.26.59-.59.59M.76.88s.03,0,.04,0l.05.04c.06.05.05.13.13.18.06.04.16.01.22-.09.05-.09.04-.19-.05-.24-.04-.04-.08-.04-.11-.04h-.15s-.02-.05-.04-.07v-.06c.03-.06.1-.11.1-.2,0-.07-.07-.14-.19-.14-.11,0-.19.06-.19.16,0,.06.02.09.04.12l.07.12s-.04.04-.04.07l-.06.02c-.07.02-.14-.02-.22.02-.06.04-.09.13-.03.24.05.09.14.13.23.08.05-.03.07-.06.09-.09l.07-.12s.02,0,.03,0M.67,1.49v.18h-.26c-.09,0-.13.04-.13.13v.03h.95v-.03c0-.09-.04-.13-.13-.13h-.26v-.18h-.16ZM.76.83s-.07-.03-.07-.07.03-.07.07-.07.07.03.07.07-.03.07-.07.07"
      />
       
    </svg>
    <div>
      <div>
        <p
          class="emotion-2"
          id=":r0:"
        >
          Help reduce your power and data usage by not playing video content.
        </p>
      </div>
      <div
        class="emotion-3"
      >
        <button
          aria-describedby=":r0:"
          class="emotion-4"
          type="button"
        >
          <span>
            <svg
              aria-hidden="true"
              class="emotion-5"
              focusable="false"
              height="0.8rem"
              viewBox="0 0 32 32"
              width="0.8rem"
              xmlns="http://www.w3.org/2000/svg"
            >
              <path
                d="M29.6 13.4H18.7v-11h-5.4v11H2.4v5.3h10.9v11h5.4v-11h10.9z"
              />
            </svg>
          </span>
          <span
            class="emotion-6"
          >
            Load Video
            <span
              class="emotion-7"
            >
              , 
            </span>
          </span>
        </button>
      </div>
    </div>
  </div>
</div>
`;
