// Jest Snapshot v1, https://goo.gl/fbAQLP

exports[`Radio Page Main should match snapshot for Canonical 1`] = `
.emotion-1 {
  width: 100%;
}

@supports (display: grid) {
  .emotion-1 {
    display: grid;
    position: initial;
    width: initial;
    margin: 0;
  }

  @media (max-width: 14.9375rem) {
    .emotion-1 {
      grid-template-columns: repeat(6, 1fr);
      grid-column-end: span 6;
      grid-column-gap: 0.5rem;
    }
  }

  @media (min-width: 15rem) and (max-width: 24.9375rem) {
    .emotion-1 {
      grid-template-columns: repeat(6, 1fr);
      grid-column-end: span 6;
      grid-column-gap: 0.5rem;
    }
  }

  @media (min-width: 25rem) and (max-width: 37.4375rem) {
    .emotion-1 {
      grid-template-columns: repeat(6, 1fr);
      grid-column-end: span 6;
      grid-column-gap: 0.5rem;
    }
  }

  @media (min-width: 37.5rem) and (max-width: 62.9375rem) {
    .emotion-1 {
      grid-template-columns: repeat(6, 1fr);
      grid-column-end: span 6;
      grid-column-gap: 1rem;
    }
  }

  @media (min-width: 63rem) and (max-width: 79.9375rem) {
    .emotion-1 {
      grid-template-columns: repeat(8, 1fr);
      grid-column-end: span 8;
      grid-column-gap: 1rem;
    }
  }

  @media (min-width: 80rem) {
    .emotion-1 {
      grid-template-columns: repeat(20, 1fr);
      grid-column-end: span 20;
      grid-column-gap: 1rem;
    }
  }
}

@media (min-width: 63rem) and (max-width: 79.9375rem) {
  .emotion-1 {
    margin: 0 auto;
    max-width: 63rem;
  }
}

@media (min-width: 80rem) {
  .emotion-1 {
    margin: 0 auto;
    max-width: 80rem;
  }
}

@media (max-width: 14.9375rem) {
  .emotion-3 {
    padding: 0 0.5rem;
    margin-left: 0%;
  }
}

@media (min-width: 15rem) and (max-width: 24.9375rem) {
  .emotion-3 {
    padding: 0 0.5rem;
    margin-left: 0%;
  }
}

@media (min-width: 25rem) and (max-width: 37.4375rem) {
  .emotion-3 {
    padding: 0 1rem;
    margin-left: 0%;
  }
}

@media (min-width: 37.5rem) and (max-width: 62.9375rem) {
  .emotion-3 {
    padding: 0 1rem;
    margin-left: 0%;
  }
}

@media (min-width: 63rem) and (max-width: 79.9375rem) {
  .emotion-3 {
    margin-left: 16.666666666666668%;
  }
}

@media (min-width: 80rem) {
  .emotion-3 {
    margin-left: 33.333333333333336%;
  }
}

@supports (display: grid) {
  .emotion-3 {
    display: block;
    width: initial;
    margin: 0;
  }

  @media (max-width: 14.9375rem) {
    .emotion-3 {
      grid-template-columns: repeat(6, 1fr);
      grid-column-end: span 6;
      padding: 0 0.5rem;
      grid-column-start: 1;
    }
  }

  @media (min-width: 15rem) and (max-width: 24.9375rem) {
    .emotion-3 {
      grid-template-columns: repeat(6, 1fr);
      grid-column-end: span 6;
      padding: 0 0.5rem;
      grid-column-start: 1;
    }
  }

  @media (min-width: 25rem) and (max-width: 37.4375rem) {
    .emotion-3 {
      grid-template-columns: repeat(6, 1fr);
      grid-column-end: span 6;
      padding: 0 1rem;
      grid-column-start: 1;
    }
  }

  @media (min-width: 37.5rem) and (max-width: 62.9375rem) {
    .emotion-3 {
      grid-template-columns: repeat(6, 1fr);
      grid-column-end: span 6;
      padding: 0 1rem;
      grid-column-start: 1;
    }
  }

  @media (min-width: 63rem) and (max-width: 79.9375rem) {
    .emotion-3 {
      grid-template-columns: repeat(6, 1fr);
      grid-column-end: span 6;
      grid-column-start: 2;
    }
  }

  @media (min-width: 80rem) {
    .emotion-3 {
      grid-template-columns: repeat(12, 1fr);
      grid-column-end: span 12;
      grid-column-start: 5;
    }
  }
}

.emotion-5 {
  font-size: 1.75rem;
  line-height: 2.25rem;
  font-family: Helmet,Freesans,Helvetica,Arial,sans-serif;
  font-weight: 700;
  font-style: normal;
  color: #141414;
  display: block;
  margin: 0;
  padding: 2rem 0;
}

@media (min-width: 20rem) and (max-width: 37.4375rem) {
  .emotion-5 {
    font-size: 2rem;
    line-height: 2.625rem;
  }
}

@media (min-width: 37.5rem) {
  .emotion-5 {
    font-size: 2.75rem;
    line-height: 3.625rem;
  }
}

@media (min-width: 37.5rem) {
  .emotion-5 {
    padding: 2.5rem 0;
  }
}

.emotion-7 {
  font-size: 0.9375rem;
  line-height: 1.25rem;
  font-family: Helmet,Freesans,Helvetica,Arial,sans-serif;
  font-weight: 400;
  font-style: normal;
  color: #141414;
  padding-bottom: 1.5rem;
  margin: 0;
}

@media (min-width: 20rem) and (max-width: 37.4375rem) {
  .emotion-7 {
    font-size: 1rem;
    line-height: 1.375rem;
  }
}

@media (min-width: 37.5rem) {
  .emotion-7 {
    font-size: 1rem;
    line-height: 1.375rem;
  }
}

.emotion-9 {
  position: relative;
  width: 100%;
  margin: 0 0 1.5rem 0;
}

.emotion-10 {
  background-color: #FFFFFF;
  height: 165px;
}

.emotion-11 {
  background-color: #F2F2F2;
  padding: 0 1rem;
  content-visibility: auto;
  contain-intrinsic-size: 59.375rem;
}

@media (min-width: 15rem) {
  .emotion-11 {
    contain-intrinsic-size: 56.563rem;
  }
}

@media (min-width: 25rem) {
  .emotion-11 {
    contain-intrinsic-size: 51.063rem;
  }
}

@media (min-width: 37.5rem) {
  .emotion-11 {
    contain-intrinsic-size: 30.75rem;
  }
}

@media (min-width: 63rem) {
  .emotion-11 {
    contain-intrinsic-size: 21.25rem;
  }
}

.emotion-14 {
  position: relative;
  z-index: 0;
  color: #141414;
  margin-top: 2rem;
  margin: 0 auto;
  width: 100%;
  padding-top: 0.5rem;
}

@media (min-width: 37.5rem) {
  .emotion-14 {
    margin-top: 1.5rem;
  }
}

@media (min-width: 63rem) {
  .emotion-14 {
    margin-bottom: 1.5rem;
  }
}

@media (min-width: 37.5rem) {
  .emotion-14 {
    margin: 0 auto;
    padding-top: 1.5rem;
  }
}

@media (min-width: 63rem) {
  .emotion-14 {
    max-width: 63rem;
    padding-top: 2rem;
  }
}

.emotion-16 {
  margin: 0;
  padding: 0;
  scroll-margin-top: 1rem;
}

.emotion-16:focus-visible {
  outline: 0.1875rem solid #000000;
  box-shadow: 0 0 0 0.1875rem #FFFFFF;
  outline-offset: 0.1875rem;
}

.emotion-18 {
  display: -webkit-box;
  display: -webkit-flex;
  display: -ms-flexbox;
  display: flex;
  -webkit-flex-direction: column;
  -ms-flex-direction: column;
  flex-direction: column;
}

.emotion-20 {
  display: -webkit-box;
  display: -webkit-flex;
  display: -ms-flexbox;
  display: flex;
  -webkit-box-flex-flow: row nowrap;
  -webkit-flex-flow: row nowrap;
  -ms-flex-flow: row nowrap;
  flex-flow: row nowrap;
  -webkit-box-pack: justify;
  -webkit-justify-content: space-between;
  justify-content: space-between;
  min-height: 2.75rem;
  -webkit-align-items: baseline;
  -webkit-box-align: baseline;
  -ms-flex-align: baseline;
  align-items: baseline;
}

@media (min-width: 37.5rem) {
  .emotion-20 {
    -webkit-align-items: stretch;
    -webkit-box-align: stretch;
    -ms-flex-align: stretch;
    align-items: stretch;
  }
}

.emotion-22 {
  font-size: 1.125rem;
  line-height: 1.5rem;
  font-family: Helmet,Freesans,Helvetica,Arial,sans-serif;
  font-weight: 700;
  font-style: normal;
  background-color: #F2F2F2;
  margin: 1rem 0;
  padding-right: 0.5rem;
  display: -webkit-box;
  display: -webkit-flex;
  display: -ms-flexbox;
  display: flex;
  -webkit-align-items: center;
  -webkit-box-align: center;
  -ms-flex-align: center;
  align-items: center;
}

@media (min-width: 20rem) and (max-width: 37.4375rem) {
  .emotion-22 {
    font-size: 1.25rem;
    line-height: 1.625rem;
  }
}

@media (min-width: 37.5rem) {
  .emotion-22 {
    font-size: 1.5rem;
    line-height: 2rem;
  }
}

@media (min-width: 37.5rem) {
  .emotion-22 {
    margin: 0;
  }
}

@media (min-width: 37.5rem) {
  .emotion-22 {
    padding-right: 1rem;
  }
}

.emotion-24 {
  margin: 0 auto;
  width: 100%;
  padding-bottom: 1rem;
}

@media (min-width: 37.5rem) {
  .emotion-24 {
    margin-top: 1.5rem;
  }
}

@media (min-width: 63rem) {
  .emotion-24 {
    max-width: 63rem;
    padding-bottom: 1.5rem;
  }
}

.emotion-27 {
  padding: 0;
  margin: 0;
}

@media (max-width: 14.9375rem) {
  .emotion-27 {
    padding: 0 0.5rem;
  }
}

@media (min-width: 15rem) and (max-width: 24.9375rem) {
  .emotion-27 {
    padding: 0 0.5rem;
  }
}

@media (min-width: 25rem) and (max-width: 37.4375rem) {
  .emotion-27 {
    padding: 0 1rem;
  }
}

@supports (display: grid) {
  .emotion-27 {
    display: grid;
    position: initial;
    width: initial;
    margin: 0;
  }

  @media (max-width: 14.9375rem) {
    .emotion-27 {
      grid-template-columns: repeat(4, 1fr);
      grid-column-end: span 4;
      grid-column-gap: 0.5rem;
      padding: 0 0.5rem;
    }
  }

  @media (min-width: 15rem) and (max-width: 24.9375rem) {
    .emotion-27 {
      grid-template-columns: repeat(4, 1fr);
      grid-column-end: span 4;
      grid-column-gap: 0.5rem;
      padding: 0 0.5rem;
    }
  }

  @media (min-width: 25rem) and (max-width: 37.4375rem) {
    .emotion-27 {
      grid-template-columns: repeat(6, 1fr);
      grid-column-end: span 6;
      grid-column-gap: 0.5rem;
      padding: 0 1rem;
    }
  }

  @media (min-width: 37.5rem) and (max-width: 62.9375rem) {
    .emotion-27 {
      grid-template-columns: repeat(6, 1fr);
      grid-column-end: span 6;
      grid-column-gap: 1rem;
    }
  }

  @media (min-width: 63rem) and (max-width: 79.9375rem) {
    .emotion-27 {
      grid-template-columns: repeat(8, 1fr);
      grid-column-end: span 8;
      grid-column-gap: 1rem;
    }
  }

  @media (min-width: 80rem) {
    .emotion-27 {
      grid-template-columns: repeat(8, 1fr);
      grid-column-end: span 8;
      grid-column-gap: 1rem;
    }
  }
}

@media (max-width: 37.5rem) {
  .emotion-27 {
    padding: 0;
  }
}

.emotion-30 {
  position: relative;
  padding-bottom: 1rem;
}

@media (max-width: 14.9375rem) {
  .emotion-30 {
    width: calc(4/4*(100% - 4 * 0.5rem) + 3 * 0.5rem );
    margin: 0 0.25rem;
    display: inline-block;
    vertical-align: top;
  }
}

@media (min-width: 15rem) and (max-width: 24.9375rem) {
  .emotion-30 {
    width: calc(4/4*(100% - 4 * 0.5rem) + 3 * 0.5rem );
    margin: 0 0.25rem;
    display: inline-block;
    vertical-align: top;
  }
}

@media (min-width: 25rem) and (max-width: 37.4375rem) {
  .emotion-30 {
    width: calc(6/6*(100% - 6 * 0.5rem) + 5 * 0.5rem );
    margin: 0 0.25rem;
    display: inline-block;
    vertical-align: top;
  }
}

@media (min-width: 37.5rem) and (max-width: 62.9375rem) {
  .emotion-30 {
    width: calc(3/6*(100% - 6 * 1rem) + 2 * 1rem );
    margin: 0 0.5rem;
    display: inline-block;
    vertical-align: top;
  }
}

@media (min-width: 63rem) and (max-width: 79.9375rem) {
  .emotion-30 {
    width: calc(2/8*(100% - 8 * 1rem) + 1 * 1rem );
    margin: 0 0.5rem;
    display: inline-block;
    vertical-align: top;
  }
}

@media (min-width: 80rem) {
  .emotion-30 {
    width: calc(2/8*(100% - 8 * 1rem) + 1 * 1rem );
    margin: 0 0.5rem;
    display: inline-block;
    vertical-align: top;
  }
}

@supports (display: grid) {
  .emotion-30 {
    display: block;
    width: initial;
    margin: 0;
  }

  @media (max-width: 14.9375rem) {
    .emotion-30 {
      grid-template-columns: repeat(4, 1fr);
      grid-column-end: span 4;
    }
  }

  @media (min-width: 15rem) and (max-width: 24.9375rem) {
    .emotion-30 {
      grid-template-columns: repeat(4, 1fr);
      grid-column-end: span 4;
    }
  }

  @media (min-width: 25rem) and (max-width: 37.4375rem) {
    .emotion-30 {
      grid-template-columns: repeat(6, 1fr);
      grid-column-end: span 6;
    }
  }

  @media (min-width: 37.5rem) and (max-width: 62.9375rem) {
    .emotion-30 {
      grid-template-columns: repeat(3, 1fr);
      grid-column-end: span 3;
    }
  }

  @media (min-width: 63rem) and (max-width: 79.9375rem) {
    .emotion-30 {
      grid-template-columns: repeat(2, 1fr);
      grid-column-end: span 2;
    }
  }

  @media (min-width: 80rem) {
    .emotion-30 {
      grid-template-columns: repeat(2, 1fr);
      grid-column-end: span 2;
    }
  }
}

@supports (grid-template-columns: fit-content(200px)) {
  .emotion-30 {
    display: -webkit-box;
    display: -webkit-flex;
    display: -ms-flexbox;
    display: flex;
    -webkit-flex-direction: column;
    -ms-flex-direction: column;
    flex-direction: column;
  }
}

.emotion-32 {
  padding-bottom: 0.5rem;
}

.emotion-34 {
  display: -webkit-box;
  display: -webkit-flex;
  display: -ms-flexbox;
  display: flex;
  -webkit-align-items: center;
  -webkit-box-align: center;
  -ms-flex-align: center;
  align-items: center;
}

.emotion-36 {
  display: -webkit-box;
  display: -webkit-flex;
  display: -ms-flexbox;
  display: flex;
  -webkit-align-items: center;
  -webkit-box-align: center;
  -ms-flex-align: center;
  align-items: center;
  padding-right: 0.25rem;
}

.emotion-36>svg {
  color: #5A5A5A;
  margin: 0;
  overflow: visible;
}

@media screen and (forced-colors: active) {
  .emotion-36>svg {
    fill: canvasText;
  }
}

.emotion-38 {
  vertical-align: middle;
  margin: 0 0.25rem;
  color: #222222;
  fill: currentColor;
  width: 0.725rem;
  height: 0.725rem;
}

.emotion-40 {
  display: -webkit-box;
  display: -webkit-flex;
  display: -ms-flexbox;
  display: flex;
  -webkit-align-items: center;
  -webkit-box-align: center;
  -ms-flex-align: center;
  align-items: center;
  -webkit-flex-direction: row;
  -ms-flex-direction: row;
  flex-direction: row;
  width: 100%;
}

.emotion-40>time {
  color: #5A5A5A;
  font-size: 0.75rem;
  line-height: 1rem;
  font-family: Helmet,Freesans,Helvetica,Arial,sans-serif;
  font-weight: 400;
  font-style: normal;
}

@media (min-width: 20rem) and (max-width: 37.4375rem) {
  .emotion-40>time {
    font-size: 0.75rem;
    line-height: 1rem;
  }
}

@media (min-width: 37.5rem) {
  .emotion-40>time {
    font-size: 0.75rem;
    line-height: 1rem;
  }
}

.emotion-40::after {
  content: '';
  border-top: 0.0625rem solid #AEAEB5;
  top: 1rem;
  margin-left: 0.625rem;
  width: 100%;
}

.emotion-42 {
  font-size: 0.875rem;
  line-height: 1.125rem;
  color: #545658;
  display: block;
  font-family: Helmet,Freesans,Helvetica,Arial,sans-serif;
  font-weight: 400;
  font-style: normal;
}

@media (min-width: 20rem) and (max-width: 37.4375rem) {
  .emotion-42 {
    font-size: 0.875rem;
    line-height: 1.125rem;
  }
}

@media (min-width: 37.5rem) {
  .emotion-42 {
    font-size: 0.8125rem;
    line-height: 1rem;
  }
}

.emotion-44 {
  padding-top: 0.5rem;
  background-color: #FFFFFF;
  display: -webkit-box;
  display: -webkit-flex;
  display: -ms-flexbox;
  display: flex;
  -webkit-flex-direction: column;
  -ms-flex-direction: column;
  flex-direction: column;
  outline: 0.0625rem solid transparent;
  height: 100%;
}

.emotion-46 {
  padding: 0 0.5rem;
  -webkit-box-flex: 1;
  -webkit-flex-grow: 1;
  -ms-flex-positive: 1;
  flex-grow: 1;
}

.emotion-48 {
  font-family: Helmet,Freesans,Helvetica,Arial,sans-serif;
  font-weight: 700;
  font-style: normal;
  font-size: 0.9375rem;
  line-height: 1.25rem;
  color: #6E6E73;
  margin: 0;
}

@media (min-width: 20rem) and (max-width: 37.4375rem) {
  .emotion-48 {
    font-size: 1rem;
    line-height: 1.25rem;
  }
}

@media (min-width: 37.5rem) {
  .emotion-48 {
    font-size: 1rem;
    line-height: 1.25rem;
  }
}

.emotion-50 {
  -webkit-clip-path: inset(100%);
  clip-path: inset(100%);
  clip: rect(1px, 1px, 1px, 1px);
  height: 1px;
  overflow: hidden;
  position: absolute;
  width: 1px;
  margin: 0;
}

.emotion-51 {
  font-family: Helmet,Freesans,Helvetica,Arial,sans-serif;
  font-weight: 700;
  font-style: normal;
  font-size: 0.9375rem;
  line-height: 1.25rem;
  color: #B80000;
  display: inline-block;
  margin-right: 0.5rem;
}

@media (min-width: 20rem) and (max-width: 37.4375rem) {
  .emotion-51 {
    font-size: 1rem;
    line-height: 1.25rem;
  }
}

@media (min-width: 37.5rem) {
  .emotion-51 {
    font-size: 1rem;
    line-height: 1.25rem;
  }
}

.emotion-54 {
  color: #6E6E73;
  padding: 0.5rem 0 0 0;
  display: inline-block;
  width: 100%;
  font-family: Helmet,Freesans,Helvetica,Arial,sans-serif;
  font-weight: 400;
  font-style: normal;
  font-size: 0.9375rem;
  line-height: 1.25rem;
}

@media (min-width: 20rem) and (max-width: 37.4375rem) {
  .emotion-54 {
    font-size: 1rem;
    line-height: 1.25rem;
  }
}

@media (min-width: 37.5rem) {
  .emotion-54 {
    font-size: 1rem;
    line-height: 1.25rem;
  }
}

.emotion-57 {
  font-family: Helmet,Freesans,Helvetica,Arial,sans-serif;
  font-weight: 400;
  font-style: normal;
  font-size: 0.875rem;
  line-height: 1.125rem;
  color: #6E6E73;
  padding-top: 0.5rem;
  padding-bottom: 1rem;
  margin: 0;
}

@media (min-width: 20rem) and (max-width: 37.4375rem) {
  .emotion-57 {
    font-size: 0.875rem;
    line-height: 1.125rem;
  }
}

@media (min-width: 37.5rem) {
  .emotion-57 {
    font-size: 0.8125rem;
    line-height: 1rem;
  }
}

.emotion-59 {
  font-family: Helmet,Freesans,Helvetica,Arial,sans-serif;
  font-weight: 400;
  font-style: normal;
  font-size: 0.75rem;
  line-height: 1rem;
  padding: 0.5rem;
  background-color: #FFFFFF;
  outline: 0.0625rem solid transparent;
  color: #B80000;
}

@media (min-width: 20rem) and (max-width: 37.4375rem) {
  .emotion-59 {
    font-size: 0.75rem;
    line-height: 1rem;
  }
}

@media (min-width: 37.5rem) {
  .emotion-59 {
    font-size: 0.75rem;
    line-height: 1rem;
  }
}

@media screen and (-ms-high-contrast: active) {
  .emotion-59 {
    background-color: transparent;
    outline: none;
  }
}

.emotion-61>svg {
  color: #B80000;
  fill: currentColor;
  width: 1.0625rem;
  height: 0.75rem;
  margin: 0;
}

@media screen and (forced-colors: active) {
  .emotion-61>svg {
    fill: canvasText;
  }
}

.emotion-63 {
  vertical-align: middle;
  margin: 0 0.25rem;
  color: #222222;
  fill: currentColor;
  width: 0.75rem;
  height: 0.75rem;
}

.emotion-65 {
  padding-left: 0.5rem;
}

.emotion-86 {
  font-family: Helmet,Freesans,Helvetica,Arial,sans-serif;
  font-weight: 700;
  font-style: normal;
  font-size: 0.9375rem;
  line-height: 1.25rem;
  color: #222222;
  margin: 0;
}

@media (min-width: 20rem) and (max-width: 37.4375rem) {
  .emotion-86 {
    font-size: 1rem;
    line-height: 1.25rem;
  }
}

@media (min-width: 37.5rem) {
  .emotion-86 {
    font-size: 1rem;
    line-height: 1.25rem;
  }
}

.emotion-88 {
  position: static;
  color: #222222;
  -webkit-text-decoration: none;
  text-decoration: none;
  overflow-wrap: break-word;
  display: inline-block;
}

.emotion-88:before {
  bottom: 0;
  content: '';
  left: 0;
  overflow: hidden;
  position: absolute;
  right: 0;
  top: 0;
  white-space: nowrap;
  z-index: 1;
}

.emotion-88:hover,
.emotion-88:focus {
  -webkit-text-decoration: underline;
  text-decoration: underline;
}

.emotion-88:visited {
  color: #6E6E73;
}

.emotion-88:hover .emotion-55 {
  -webkit-text-decoration: underline;
  text-decoration: underline;
}

.emotion-88:focus .emotion-55 {
  -webkit-text-decoration: underline;
  text-decoration: underline;
}

.emotion-92 {
  color: #3F3F42;
  padding: 0.5rem 0 0 0;
  display: inline-block;
  width: 100%;
  font-family: Helmet,Freesans,Helvetica,Arial,sans-serif;
  font-weight: 400;
  font-style: normal;
  font-size: 0.9375rem;
  line-height: 1.25rem;
}

@media (min-width: 20rem) and (max-width: 37.4375rem) {
  .emotion-92 {
    font-size: 1rem;
    line-height: 1.25rem;
  }
}

@media (min-width: 37.5rem) {
  .emotion-92 {
    font-size: 1rem;
    line-height: 1.25rem;
  }
}

.emotion-97 {
  font-family: Helmet,Freesans,Helvetica,Arial,sans-serif;
  font-weight: 400;
  font-style: normal;
  font-size: 0.75rem;
  line-height: 1rem;
  padding: 0.5rem;
  background-color: #222222;
  outline: 0.0625rem solid transparent;
  color: #FFFFFF;
}

@media (min-width: 20rem) and (max-width: 37.4375rem) {
  .emotion-97 {
    font-size: 0.75rem;
    line-height: 1rem;
  }
}

@media (min-width: 37.5rem) {
  .emotion-97 {
    font-size: 0.75rem;
    line-height: 1rem;
  }
}

@media screen and (-ms-high-contrast: active) {
  .emotion-97 {
    background-color: transparent;
    outline: none;
  }
}

.emotion-99>svg {
  color: #FFFFFF;
  fill: currentColor;
  width: 1.0625rem;
  height: 0.75rem;
  margin: 0;
}

@media screen and (forced-colors: active) {
  .emotion-99>svg {
    fill: canvasText;
  }
}

<div>
  <noscript />
  <div>
    chartbeat
  </div>
  <main
    class="emotion-0 emotion-1 emotion-2"
    dir="ltr"
    role="main"
  >
    <div
      class="emotion-3 emotion-2"
      dir="ltr"
    >
      <h1
        class="emotion-5 emotion-6"
        id="content"
        tabindex="-1"
      >
        BBC Afrique Radio
      </h1>
      <p
        class="emotion-7 emotion-8"
      >
        Infos, musique et sports
      </p>
      <figure
        class="emotion-9"
        data-e2e="media-loader__container"
      >
        <div
          class="emotion-10"
          data-e2e="media-player"
        />
      </figure>
    </div>
  </main>
  <section
    aria-labelledby="Radio-Schedule"
    class="emotion-11 emotion-12"
    data-testid="radio-schedule"
    role="region"
  >
    <div
      class="emotion-13 emotion-14 emotion-15"
    >
      <h2
        class="emotion-16 emotion-17"
        id="section-label-heading-Radio-Schedule"
        tabindex="-1"
      >
        <span
          class="emotion-18 emotion-19"
        >
          <span
            class="emotion-20 emotion-21"
          >
            <span
              class="emotion-22 emotion-23"
              dir="ltr"
              id="Radio-Schedule"
            >
              Journaux et Magazines
            </span>
          </span>
        </span>
      </h2>
    </div>
    <div
      class="emotion-24 emotion-25"
      data-e2e="radio-schedule"
    >
      <div
        class="emotion-26 emotion-27 emotion-2"
        dir="ltr"
        role="list"
      >
        <li
          class="emotion-29 emotion-30 emotion-2"
          data-e2e="next"
          dir="ltr"
          role="listitem"
        >
          <div
            class="emotion-32 emotion-33"
          >
            <div
              class="emotion-34 emotion-35"
            >
              <span
                class="emotion-36 emotion-37"
                dir="ltr"
              >
                <svg
                  aria-hidden="true"
                  class="emotion-38 emotion-39"
                  focusable="false"
                  height="13"
                  viewBox="0 0 13 13"
                  width="13"
                >
                  <path
                    d="M6.5 0A6.5 6.5 0 1013 6.5 6.5 6.5 0 006.5 0zm0 11.5a5 5 0 115-5 5 5 0 01-5 5z"
                  />
                  <path
                    d="M7.34 2.9h-1v3.8L9.4 8.57l.41-.56-2.47-1.89V2.9z"
                  />
                </svg>
              </span>
              <span
                aria-hidden="true"
                class="emotion-40 emotion-41"
                dir="ltr"
              >
                <time
                  class="emotion-42 emotion-43"
                  datetime="2024-11-29"
                >
                  18:00
                </time>
              </span>
            </div>
          </div>
          <div
            class="emotion-44 emotion-45"
          >
            <div
              class="emotion-46 emotion-47"
            >
              <h3
                class="emotion-48 emotion-49"
              >
                <span
                  id="scheduleItem-p0k01c4p"
                  role="text"
                >
                  <span
                    class="emotion-50"
                  >
                    Listen Next, 
                  </span>
                  <span
                    aria-hidden="true"
                    class="emotion-51 emotion-52"
                    dir="ltr"
                  >
                    SUIVANT 
                  </span>
                  BBC Soir
                  <span
                    class="emotion-50"
                  >
                    , 18:00, 
                  </span>
                  <span
                    class="emotion-54 emotion-55"
                  >
                    29 novembre 2024
                  </span>
                  <span
                    class="emotion-50"
                  >
                    , Durée 10,00 
                  </span>
                </span>
              </h3>
              <p
                class="emotion-57 emotion-58"
              >
                La grande édition d'information de la soirée 
              </p>
            </div>
            <div
              class="emotion-59 emotion-60"
            >
              <span
                class="emotion-61 emotion-62"
              >
                <svg
                  aria-hidden="true"
                  class="emotion-63 emotion-64"
                  focusable="false"
                  height="12px"
                  viewBox="0 0 13 12"
                  width="13px"
                >
                  <path
                    d="M9.021 1.811l-.525.525c.938.938 1.5 2.25 1.5 3.675s-.563 2.738-1.5 3.675l.525.525c1.05-1.087 1.725-2.55 1.725-4.2s-.675-3.112-1.725-4.2z"
                  />
                  <path
                    d="M10.596.199l-.525.562c1.35 1.35 2.175 3.225 2.175 5.25s-.825 3.9-2.175 5.25l.525.525c1.5-1.462 2.4-3.525 2.4-5.775s-.9-4.312-2.4-5.812zM6.996 1.511l-2.25 2.25H.996v4.5h3.75l2.25 2.25z"
                  />
                </svg>
              </span>
              <time
                class="emotion-65 emotion-66"
                datetime="PT10M"
                dir="ltr"
              >
                <span
                  aria-hidden="true"
                >
                  10:00
                </span>
              </time>
            </div>
          </div>
        </li>
        <li
          class="emotion-29 emotion-30 emotion-2"
          data-e2e="onDemand"
          dir="ltr"
          role="listitem"
        >
          <div
            class="emotion-32 emotion-33"
          >
            <div
              class="emotion-34 emotion-35"
            >
              <span
                class="emotion-36 emotion-37"
                dir="ltr"
              >
                <svg
                  aria-hidden="true"
                  class="emotion-38 emotion-39"
                  focusable="false"
                  height="13"
                  viewBox="0 0 13 13"
                  width="13"
                >
                  <path
                    d="M6.5 0A6.5 6.5 0 1013 6.5 6.5 6.5 0 006.5 0zm0 11.5a5 5 0 115-5 5 5 0 01-5 5z"
                  />
                  <path
                    d="M7.34 2.9h-1v3.8L9.4 8.57l.41-.56-2.47-1.89V2.9z"
                  />
                </svg>
              </span>
              <span
                aria-hidden="true"
                class="emotion-40 emotion-41"
                dir="ltr"
              >
                <time
                  class="emotion-42 emotion-43"
                  datetime="2024-11-29"
                >
                  12:20
                </time>
              </span>
            </div>
          </div>
          <div
            class="emotion-44 emotion-45"
          >
            <div
              class="emotion-46 emotion-47"
            >
              <h3
                class="emotion-86 emotion-49"
              >
                <a
                  aria-labelledby="scheduleItem-p0k01c3n"
                  class="focusIndicatorDisplayBlock emotion-88 emotion-89"
                  href="/afrique/bbc_afrique_radio/w172zzrjc8gt3ht"
                >
                  <span
                    id="scheduleItem-p0k01c3n"
                    role="text"
                  >
                    <span
                      class="emotion-50"
                    >
                      Ecoutez, 
                    </span>
                    A Vous L'antenne
                    <span
                      class="emotion-50"
                    >
                      , 12:20, 
                    </span>
                    <span
                      class="emotion-92 emotion-55"
                    >
                      29 novembre 2024
                    </span>
                    <span
                      class="emotion-50"
                    >
                      , Durée 10,00 
                    </span>
                  </span>
                </a>
              </h3>
              <p
                class="emotion-57 emotion-58"
              >
                Du lundi au vendredi les auditeurs réagissent à chaud sur les sujets qui rythment l'actualité 
              </p>
            </div>
            <div
              class="emotion-97 emotion-60"
            >
              <span
                class="emotion-99 emotion-62"
              >
                <svg
                  aria-hidden="true"
                  class="emotion-63 emotion-64"
                  focusable="false"
                  height="12px"
                  viewBox="0 0 13 12"
                  width="13px"
                >
                  <path
                    d="M9.021 1.811l-.525.525c.938.938 1.5 2.25 1.5 3.675s-.563 2.738-1.5 3.675l.525.525c1.05-1.087 1.725-2.55 1.725-4.2s-.675-3.112-1.725-4.2z"
                  />
                  <path
                    d="M10.596.199l-.525.562c1.35 1.35 2.175 3.225 2.175 5.25s-.825 3.9-2.175 5.25l.525.525c1.5-1.462 2.4-3.525 2.4-5.775s-.9-4.312-2.4-5.812zM6.996 1.511l-2.25 2.25H.996v4.5h3.75l2.25 2.25z"
                  />
                </svg>
              </span>
              <time
                class="emotion-65 emotion-66"
                datetime="PT10M"
                dir="ltr"
              >
                <span
                  aria-hidden="true"
                >
                  10:00
                </span>
              </time>
            </div>
          </div>
        </li>
        <li
          class="emotion-29 emotion-30 emotion-2"
          data-e2e="onDemand"
          dir="ltr"
          role="listitem"
        >
          <div
            class="emotion-32 emotion-33"
          >
            <div
              class="emotion-34 emotion-35"
            >
              <span
                class="emotion-36 emotion-37"
                dir="ltr"
              >
                <svg
                  aria-hidden="true"
                  class="emotion-38 emotion-39"
                  focusable="false"
                  height="13"
                  viewBox="0 0 13 13"
                  width="13"
                >
                  <path
                    d="M6.5 0A6.5 6.5 0 1013 6.5 6.5 6.5 0 006.5 0zm0 11.5a5 5 0 115-5 5 5 0 01-5 5z"
                  />
                  <path
                    d="M7.34 2.9h-1v3.8L9.4 8.57l.41-.56-2.47-1.89V2.9z"
                  />
                </svg>
              </span>
              <span
                aria-hidden="true"
                class="emotion-40 emotion-41"
                dir="ltr"
              >
                <time
                  class="emotion-42 emotion-43"
                  datetime="2024-11-29"
                >
                  12:10
                </time>
              </span>
            </div>
          </div>
          <div
            class="emotion-44 emotion-45"
          >
            <div
              class="emotion-46 emotion-47"
            >
              <h3
                class="emotion-86 emotion-49"
              >
                <a
                  aria-labelledby="scheduleItem-p0k01c3l"
                  class="focusIndicatorDisplayBlock emotion-88 emotion-89"
                  href="/afrique/bbc_afrique_radio/w172zzx198sl87k"
                >
                  <span
                    id="scheduleItem-p0k01c3l"
                    role="text"
                  >
                    <span
                      class="emotion-50"
                    >
                      Ecoutez, 
                    </span>
                    Au Coeur De L'actu
                    <span
                      class="emotion-50"
                    >
                      , 12:10, 
                    </span>
                    <span
                      class="emotion-92 emotion-55"
                    >
                      29 novembre 2024
                    </span>
                    <span
                      class="emotion-50"
                    >
                      , Durée 10,00 
                    </span>
                  </span>
                </a>
              </h3>
              <p
                class="emotion-57 emotion-58"
              >
                Un jour, un thème pour aller plus en profondeur sur les sujets qui font bouger l’Afrique
              </p>
            </div>
            <div
              class="emotion-97 emotion-60"
            >
              <span
                class="emotion-99 emotion-62"
              >
                <svg
                  aria-hidden="true"
                  class="emotion-63 emotion-64"
                  focusable="false"
                  height="12px"
                  viewBox="0 0 13 12"
                  width="13px"
                >
                  <path
                    d="M9.021 1.811l-.525.525c.938.938 1.5 2.25 1.5 3.675s-.563 2.738-1.5 3.675l.525.525c1.05-1.087 1.725-2.55 1.725-4.2s-.675-3.112-1.725-4.2z"
                  />
                  <path
                    d="M10.596.199l-.525.562c1.35 1.35 2.175 3.225 2.175 5.25s-.825 3.9-2.175 5.25l.525.525c1.5-1.462 2.4-3.525 2.4-5.775s-.9-4.312-2.4-5.812zM6.996 1.511l-2.25 2.25H.996v4.5h3.75l2.25 2.25z"
                  />
                </svg>
              </span>
              <time
                class="emotion-65 emotion-66"
                datetime="PT10M"
                dir="ltr"
              >
                <span
                  aria-hidden="true"
                >
                  10:00
                </span>
              </time>
            </div>
          </div>
        </li>
        <li
          class="emotion-29 emotion-30 emotion-2"
          data-e2e="onDemand"
          dir="ltr"
          role="listitem"
        >
          <div
            class="emotion-32 emotion-33"
          >
            <div
              class="emotion-34 emotion-35"
            >
              <span
                class="emotion-36 emotion-37"
                dir="ltr"
              >
                <svg
                  aria-hidden="true"
                  class="emotion-38 emotion-39"
                  focusable="false"
                  height="13"
                  viewBox="0 0 13 13"
                  width="13"
                >
                  <path
                    d="M6.5 0A6.5 6.5 0 1013 6.5 6.5 6.5 0 006.5 0zm0 11.5a5 5 0 115-5 5 5 0 01-5 5z"
                  />
                  <path
                    d="M7.34 2.9h-1v3.8L9.4 8.57l.41-.56-2.47-1.89V2.9z"
                  />
                </svg>
              </span>
              <span
                aria-hidden="true"
                class="emotion-40 emotion-41"
                dir="ltr"
              >
                <time
                  class="emotion-42 emotion-43"
                  datetime="2024-11-29"
                >
                  12:00
                </time>
              </span>
            </div>
          </div>
          <div
            class="emotion-44 emotion-45"
          >
            <div
              class="emotion-46 emotion-47"
            >
              <h3
                class="emotion-86 emotion-49"
              >
                <a
                  aria-labelledby="scheduleItem-p0k01c3j"
                  class="focusIndicatorDisplayBlock emotion-88 emotion-89"
                  href="/afrique/bbc_afrique_radio/w17300vwb6vfcmp"
                >
                  <span
                    id="scheduleItem-p0k01c3j"
                    role="text"
                  >
                    <span
                      class="emotion-50"
                    >
                      Ecoutez, 
                    </span>
                    BBC Midi
                    <span
                      class="emotion-50"
                    >
                      , 12:00, 
                    </span>
                    <span
                      class="emotion-92 emotion-55"
                    >
                      29 novembre 2024
                    </span>
                    <span
                      class="emotion-50"
                    >
                      , Durée 10,00 
                    </span>
                  </span>
                </a>
              </h3>
              <p
                class="emotion-57 emotion-58"
              >
                Le point de l'actualité à la mi-journée
              </p>
            </div>
            <div
              class="emotion-97 emotion-60"
            >
              <span
                class="emotion-99 emotion-62"
              >
                <svg
                  aria-hidden="true"
                  class="emotion-63 emotion-64"
                  focusable="false"
                  height="12px"
                  viewBox="0 0 13 12"
                  width="13px"
                >
                  <path
                    d="M9.021 1.811l-.525.525c.938.938 1.5 2.25 1.5 3.675s-.563 2.738-1.5 3.675l.525.525c1.05-1.087 1.725-2.55 1.725-4.2s-.675-3.112-1.725-4.2z"
                  />
                  <path
                    d="M10.596.199l-.525.562c1.35 1.35 2.175 3.225 2.175 5.25s-.825 3.9-2.175 5.25l.525.525c1.5-1.462 2.4-3.525 2.4-5.775s-.9-4.312-2.4-5.812zM6.996 1.511l-2.25 2.25H.996v4.5h3.75l2.25 2.25z"
                  />
                </svg>
              </span>
              <time
                class="emotion-65 emotion-66"
                datetime="PT10M"
                dir="ltr"
              >
                <span
                  aria-hidden="true"
                >
                  10:00
                </span>
              </time>
            </div>
          </div>
        </li>
      </div>
    </div>
  </section>
</div>
`;
