// Jest Snapshot v1, https://goo.gl/fbAQLP

exports[`Live Page creates snapshot of the live page 1`] = `
.emotion-0 {
  display: -webkit-box;
  display: -webkit-flex;
  display: -ms-flexbox;
  display: flex;
  -webkit-flex-direction: column;
  -ms-flex-direction: column;
  flex-direction: column;
  position: relative;
}

@media screen and (forced-colors: active) {
  .emotion-0 {
    border-bottom: solid 0.0625rem transparent;
  }
}

.emotion-1 {
  position: absolute;
  top: 0;
  bottom: 0;
  width: 100%;
  overflow: hidden;
}

.emotion-2 {
  background-color: #141414;
  width: 100%;
  top: 0;
  bottom: 0;
  position: absolute;
}

@media (min-width: 63rem) {
  .emotion-3 {
    max-width: 80rem;
    margin: 0 auto;
    position: relative;
    width: 100%;
  }
}

.emotion-5 {
  position: relative;
  padding: 1rem 0.5rem;
  max-width: 80rem;
  margin: 0 auto;
}

@media (min-width: 25rem) {
  .emotion-5 {
    padding: 1rem;
  }
}

@media (min-width: 63rem) {
  .emotion-5 {
    padding-top: 1.5rem;
    padding-bottom: 2rem;
  }
}

.emotion-6 {
  color: #141414;
  font-size: 1.25rem;
  line-height: 1.5rem;
  font-family: Helmet,Freesans,Helvetica,Arial,sans-serif;
  font-style: normal;
  font-weight: 700;
  margin: 0;
}

@media (min-width: 20rem) and (max-width: 37.4375rem) {
  .emotion-6 {
    font-size: 1.5rem;
    line-height: 1.75rem;
  }
}

@media (min-width: 37.5rem) {
  .emotion-6 {
    font-size: 2rem;
    line-height: 2.25rem;
  }
}

.emotion-6:focus {
  outline: none;
}

.emotion-7 {
  display: block;
  color: #FEFEFE;
  margin-top: 1rem;
}

@media (max-width: 14.9375rem) {
  .emotion-7 {
    margin-top: 0.5rem;
  }
}

@media (min-width: 63rem) {
  .emotion-7 {
    width: calc(100% / 3 * 2);
    display: -webkit-inline-box;
    display: -webkit-inline-flex;
    display: -ms-inline-flexbox;
    display: inline-flex;
    margin-top: 0;
  }
}

@media (min-width: 80rem) {
  .emotion-7 {
    display: -webkit-inline-box;
    display: -webkit-inline-flex;
    display: -ms-inline-flexbox;
    display: inline-flex;
    width: 75%;
  }
}

.emotion-8 {
  color: #141414;
  font-size: 0.9375rem;
  line-height: 1.25rem;
  font-family: Helmet,Freesans,Helvetica,Arial,sans-serif;
  font-style: normal;
  font-weight: 400;
  color: #F6F6F6;
  margin: 0;
  margin-top: 1rem;
}

@media (min-width: 20rem) and (max-width: 37.4375rem) {
  .emotion-8 {
    font-size: 1rem;
    line-height: 1.25rem;
  }
}

@media (min-width: 37.5rem) {
  .emotion-8 {
    font-size: 1rem;
    line-height: 1.25rem;
  }
}

.emotion-9 {
  max-width: 80rem;
  margin: 0 auto;
  display: grid;
  grid-template-columns: repeat(12, 1fr);
  padding: 0.5rem 0.5rem;
}

@media (min-width: 25rem) {
  .emotion-9 {
    padding: 1rem;
  }
}

@media (min-width: 63rem) {
  .emotion-9 {
    -webkit-padding-start: 1rem;
    padding-inline-start: 1rem;
    -webkit-padding-end: 1rem;
    padding-inline-end: 1rem;
    padding-top: 0.5rem;
    padding-bottom: 2rem;
    -webkit-column-gap: 1rem;
    column-gap: 1rem;
  }
}

.emotion-10 {
  grid-column: 1/13;
}

@media (min-width: 63rem) {
  .emotion-10 {
    grid-column: 1/5;
  }
}

@media (min-width: 80rem) {
  .emotion-10 {
    grid-column: 1/4;
  }
}

.emotion-11 {
  color: #141414;
  font-size: 1.25rem;
  line-height: 1.5rem;
  font-family: Helmet,Freesans,Helvetica,Arial,sans-serif;
  font-style: normal;
  font-weight: 700;
  margin: 0;
  padding: 0.5rem 0 1rem;
}

@media (min-width: 20rem) and (max-width: 37.4375rem) {
  .emotion-11 {
    font-size: 1.5rem;
    line-height: 1.75rem;
  }
}

@media (min-width: 37.5rem) {
  .emotion-11 {
    font-size: 2rem;
    line-height: 2.25rem;
  }
}

@media (min-width: 25rem) and (max-width: 37.4375rem) {
  .emotion-11 {
    padding-top: 0;
  }
}

@media (min-width: 37.5rem) {
  .emotion-11 {
    font-size: 1.125rem;
    line-height: 1.375rem;
  }

  @media (min-width: 20rem) and (max-width: 37.4375rem) {
    .emotion-11 {
      font-size: 1.25rem;
      line-height: 1.5rem;
    }
  }

  @media (min-width: 37.5rem) {
    .emotion-11 {
      font-size: 1.5rem;
      line-height: 1.75rem;
    }
  }
}

@media (min-width: 63rem) {
  .emotion-11 {
    padding-top: 1rem;
  }
}

.emotion-12 {
  color: #141414;
  background-color: #F6F6F6;
  border: solid 0.1875rem transparent;
  padding: 1rem 0.5rem 1rem;
}

@media (min-width: 25rem) {
  .emotion-12 {
    padding: 1rem 0 1rem;
  }
}

@media (min-width: 63rem) {
  .emotion-12 {
    padding: 1rem 1rem 1rem;
  }
}

.emotion-12 li {
  -webkit-padding-start: 0.1875rem;
  padding-inline-start: 0.1875rem;
}

.emotion-12 li:last-child {
  margin-bottom: 0;
}

.emotion-12 ul {
  -webkit-padding-start: 1rem;
  padding-inline-start: 1rem;
  margin-bottom: 0;
}

.emotion-12 p {
  padding-bottom: 0;
}

.emotion-12 a {
  color: #141414;
  font-family: Helmet,Freesans,Helvetica,Arial,sans-serif;
  font-style: normal;
  font-weight: 700;
  border-bottom: 0.0625rem solid #141414;
}

.emotion-12 a:visited {
  color: #545658;
}

.emotion-14 {
  margin-bottom: 1.5rem;
}

@media (max-width: 14.9375rem) {
  .emotion-14 {
    padding: 0 0.5rem;
    margin-left: 0%;
  }
}

@media (min-width: 15rem) and (max-width: 24.9375rem) {
  .emotion-14 {
    padding: 0 0.5rem;
    margin-left: 0%;
  }
}

@media (min-width: 25rem) and (max-width: 37.4375rem) {
  .emotion-14 {
    padding: 0 1rem;
    margin-left: 0%;
  }
}

@media (min-width: 37.5rem) and (max-width: 62.9375rem) {
  .emotion-14 {
    padding: 0 1rem;
    margin-left: 0%;
  }
}

@media (min-width: 63rem) and (max-width: 79.9375rem) {
  .emotion-14 {
    margin-left: 20%;
  }
}

@media (min-width: 80rem) {
  .emotion-14 {
    margin-left: 40%;
  }
}

@supports (display: grid) {
  .emotion-14 {
    display: block;
    width: initial;
    margin: 0;
  }

  @media (max-width: 14.9375rem) {
    .emotion-14 {
      grid-template-columns: repeat(6, 1fr);
      grid-column-end: span 6;
      padding: 0 0.5rem;
      grid-column-start: 1;
    }
  }

  @media (min-width: 15rem) and (max-width: 24.9375rem) {
    .emotion-14 {
      grid-template-columns: repeat(6, 1fr);
      grid-column-end: span 6;
      padding: 0 0.5rem;
      grid-column-start: 1;
    }
  }

  @media (min-width: 25rem) and (max-width: 37.4375rem) {
    .emotion-14 {
      grid-template-columns: repeat(6, 1fr);
      grid-column-end: span 6;
      padding: 0 1rem;
      grid-column-start: 1;
    }
  }

  @media (min-width: 37.5rem) and (max-width: 62.9375rem) {
    .emotion-14 {
      grid-template-columns: repeat(5, 1fr);
      grid-column-end: span 5;
      padding: 0 1rem;
      grid-column-start: 1;
    }
  }

  @media (min-width: 63rem) and (max-width: 79.9375rem) {
    .emotion-14 {
      grid-template-columns: repeat(5, 1fr);
      grid-column-end: span 5;
      grid-column-start: 2;
    }
  }

  @media (min-width: 80rem) {
    .emotion-14 {
      grid-template-columns: repeat(10, 1fr);
      grid-column-end: span 10;
      grid-column-start: 5;
    }
  }
}

.emotion-16 {
  margin-top: 0;
  list-style-type: none;
  font-size: 0.9375rem;
  line-height: 1.25rem;
  font-family: Helmet,Freesans,Helvetica,Arial,sans-serif;
  font-style: normal;
  font-weight: 400;
}

@media (min-width: 20rem) and (max-width: 37.4375rem) {
  .emotion-16 {
    font-size: 1rem;
    line-height: 1.375rem;
  }
}

@media (min-width: 37.5rem) {
  .emotion-16 {
    font-size: 1rem;
    line-height: 1.375rem;
  }
}

.emotion-16>li {
  position: relative;
  color: inherit;
}

.emotion-16>li::before {
  top: 0.5rem;
  content: "";
  position: absolute;
  border-width: 1rem;
  inset-inline-start: -1rem;
}

.emotion-16>li::before {
  border: 0.1875rem solid #141414;
  background-color: #141414;
  border-radius: 0;
}

.emotion-17 {
  margin-bottom: 1rem;
}

.emotion-20 {
  color: #222222;
  border-bottom: 1px solid #B80000;
  -webkit-text-decoration: none;
  text-decoration: none;
}

.emotion-20:visited {
  color: #6E6E73;
  border-bottom: 1px solid #6E6E73;
}

.emotion-20:focus,
.emotion-20:hover {
  border-bottom: 2px solid #B80000;
  color: #B80000;
}

.emotion-22 {
  grid-column: 1/13;
}

@media (min-width: 63rem) {
  .emotion-22 {
    grid-column: 5/13;
  }
}

@media (min-width: 80rem) {
  .emotion-22 {
    grid-column: 4/10;
  }
}

.emotion-23 {
  color: #141414;
  font-size: 1.25rem;
  line-height: 1.5rem;
  font-family: Helmet,Freesans,Helvetica,Arial,sans-serif;
  font-style: normal;
  font-weight: 700;
  margin: 0;
  padding: 1rem 0 1rem;
}

@media (min-width: 20rem) and (max-width: 37.4375rem) {
  .emotion-23 {
    font-size: 1.5rem;
    line-height: 1.75rem;
  }
}

@media (min-width: 37.5rem) {
  .emotion-23 {
    font-size: 2rem;
    line-height: 2.25rem;
  }
}

@media (min-width: 37.5rem) {
  .emotion-23 {
    font-size: 1.125rem;
    line-height: 1.375rem;
    padding-top: 1.5rem;
  }

  @media (min-width: 20rem) and (max-width: 37.4375rem) {
    .emotion-23 {
      font-size: 1.25rem;
      line-height: 1.5rem;
    }
  }

  @media (min-width: 37.5rem) {
    .emotion-23 {
      font-size: 1.5rem;
      line-height: 1.75rem;
    }
  }
}

@media (min-width: 63rem) {
  .emotion-23 {
    padding-top: 1rem;
  }
}

.emotion-24 {
  color: #141414;
  font-size: 0.9375rem;
  line-height: 1.25rem;
  font-family: Helmet,Freesans,Helvetica,Arial,sans-serif;
  font-style: normal;
  font-weight: 400;
  margin: 0;
  padding-bottom: 1rem;
}

@media (min-width: 20rem) and (max-width: 37.4375rem) {
  .emotion-24 {
    font-size: 1rem;
    line-height: 1.375rem;
  }
}

@media (min-width: 37.5rem) {
  .emotion-24 {
    font-size: 1rem;
    line-height: 1.375rem;
  }
}

@media (min-width: 37.5rem) {
  .emotion-24 {
    padding-bottom: 1.5rem;
  }
}

.emotion-25 {
  margin-block: 0;
  padding-inline: 0;
}

.emotion-26 {
  list-style-type: none;
}

.emotion-27 {
  background-color: #F6F6F6;
  margin: 0 0 1rem;
}

@media (min-width: 25rem) {
  .emotion-27 {
    margin: 0 0 1.5rem;
  }
}

@media (min-width: 63rem) {
  .emotion-27 {
    margin: 0 0 1rem;
  }
}

@media screen and (forced-colors: active) {
  .emotion-27 {
    border: solid 0.1875rem transparent;
    border-top: solid 0.0625rem transparent;
  }
}

.emotion-28 {
  color: #141414;
  font-size: 1.125rem;
  line-height: 1.375rem;
  font-family: Helmet,Freesans,Helvetica,Arial,sans-serif;
  font-style: normal;
  font-weight: 700;
  margin: 0;
}

@media (min-width: 20rem) and (max-width: 37.4375rem) {
  .emotion-28 {
    font-size: 1.25rem;
    line-height: 1.5rem;
  }
}

@media (min-width: 37.5rem) {
  .emotion-28 {
    font-size: 1.5rem;
    line-height: 1.75rem;
  }
}

@media (min-width: 15rem) {
  .emotion-28 {
    line-height: 0;
  }
}

.emotion-29 {
  border-top: solid 0.125rem #B80000;
  display: inline-block;
  width: 100%;
  background-color: #B80000;
}

@media screen and (forced-colors: active) {
  .emotion-29 {
    border-bottom: solid 0.1875rem transparent;
  }
}

.emotion-30 {
  font-size: 0.875rem;
  line-height: 1.125rem;
  color: #545658;
  display: block;
  font-family: Helmet,Freesans,Helvetica,Arial,sans-serif;
  font-weight: 400;
  font-style: normal;
  color: #FFFFFF;
  font-size: 0.875rem;
  line-height: 1.125rem;
  font-family: Helmet,Freesans,Helvetica,Arial,sans-serif;
  font-style: normal;
  font-weight: 400;
  padding: 0.25rem 0.75rem;
  background-color: #B80000;
  display: inline-block;
}

@media (min-width: 20rem) and (max-width: 37.4375rem) {
  .emotion-30 {
    font-size: 0.875rem;
    line-height: 1.125rem;
  }
}

@media (min-width: 37.5rem) {
  .emotion-30 {
    font-size: 0.8125rem;
    line-height: 1rem;
  }
}

@media (min-width: 20rem) and (max-width: 37.4375rem) {
  .emotion-30 {
    font-size: 0.875rem;
    line-height: 1.125rem;
  }
}

@media (min-width: 37.5rem) {
  .emotion-30 {
    font-size: 0.8125rem;
    line-height: 1rem;
  }
}

.emotion-32 {
  color: #141414;
  font-size: 0.875rem;
  line-height: 1.125rem;
  font-family: Helmet,Freesans,Helvetica,Arial,sans-serif;
  font-style: normal;
  font-weight: 700;
  color: #FFFFFF;
  background-color: #B80000;
  padding: 0.25rem 0.75rem;
  display: inline-block;
}

@media (min-width: 20rem) and (max-width: 37.4375rem) {
  .emotion-32 {
    font-size: 0.875rem;
    line-height: 1.125rem;
  }
}

@media (min-width: 37.5rem) {
  .emotion-32 {
    font-size: 0.8125rem;
    line-height: 1rem;
  }
}

.emotion-33 {
  -webkit-clip-path: inset(100%);
  clip-path: inset(100%);
  clip: rect(1px, 1px, 1px, 1px);
  height: 1px;
  overflow: hidden;
  position: absolute;
  width: 1px;
  margin: 0;
}

.emotion-34 {
  color: #141414;
  font-size: 1.125rem;
  line-height: 1.375rem;
  font-family: Helmet,Freesans,Helvetica,Arial,sans-serif;
  font-style: normal;
  font-weight: 700;
  color: #000000;
  display: inline-block;
  width: 100%;
  margin: 0;
  padding: 1.5rem 1rem 0;
}

@media (min-width: 20rem) and (max-width: 37.4375rem) {
  .emotion-34 {
    font-size: 1.125rem;
    line-height: 1.375rem;
  }
}

@media (min-width: 37.5rem) {
  .emotion-34 {
    font-size: 1.25rem;
    line-height: 1.5rem;
  }
}

.emotion-35 {
  padding: 1rem 0.5rem 0.5rem;
}

@media (min-width: 25rem) {
  .emotion-35 {
    padding: 1rem 0 0.5rem 0;
  }
}

@media (min-width: 63rem) {
  .emotion-35 {
    padding: 1rem 1rem 0.5rem;
  }
}

@media (max-width: 14.9375rem) {
  .emotion-36 {
    padding: 0 0.5rem;
    margin-left: 0%;
  }
}

@media (min-width: 15rem) and (max-width: 24.9375rem) {
  .emotion-36 {
    padding: 0 0.5rem;
    margin-left: 0%;
  }
}

@media (min-width: 25rem) and (max-width: 37.4375rem) {
  .emotion-36 {
    padding: 0 1rem;
    margin-left: 0%;
  }
}

@media (min-width: 37.5rem) and (max-width: 62.9375rem) {
  .emotion-36 {
    padding: 0 1rem;
    margin-left: 0%;
  }
}

@media (min-width: 63rem) and (max-width: 79.9375rem) {
  .emotion-36 {
    margin-left: 20%;
  }
}

@media (min-width: 80rem) {
  .emotion-36 {
    margin-left: 40%;
  }
}

@supports (display: grid) {
  .emotion-36 {
    display: block;
    width: initial;
    margin: 0;
  }

  @media (max-width: 14.9375rem) {
    .emotion-36 {
      grid-template-columns: repeat(6, 1fr);
      grid-column-end: span 6;
      padding: 0 0.5rem;
      grid-column-start: 1;
    }
  }

  @media (min-width: 15rem) and (max-width: 24.9375rem) {
    .emotion-36 {
      grid-template-columns: repeat(6, 1fr);
      grid-column-end: span 6;
      padding: 0 0.5rem;
      grid-column-start: 1;
    }
  }

  @media (min-width: 25rem) and (max-width: 37.4375rem) {
    .emotion-36 {
      grid-template-columns: repeat(6, 1fr);
      grid-column-end: span 6;
      padding: 0 1rem;
      grid-column-start: 1;
    }
  }

  @media (min-width: 37.5rem) and (max-width: 62.9375rem) {
    .emotion-36 {
      grid-template-columns: repeat(5, 1fr);
      grid-column-end: span 5;
      padding: 0 1rem;
      grid-column-start: 1;
    }
  }

  @media (min-width: 63rem) and (max-width: 79.9375rem) {
    .emotion-36 {
      grid-template-columns: repeat(5, 1fr);
      grid-column-end: span 5;
      grid-column-start: 2;
    }
  }

  @media (min-width: 80rem) {
    .emotion-36 {
      grid-template-columns: repeat(10, 1fr);
      grid-column-end: span 10;
      grid-column-start: 5;
    }
  }
}

.emotion-38 {
  font-size: 0.9375rem;
  line-height: 1.25rem;
  font-family: Helmet,Freesans,Helvetica,Arial,sans-serif;
  font-weight: 400;
  font-style: normal;
  color: #141414;
  padding-bottom: 1.5rem;
  margin: 0;
  color: #000000;
  margin: 0;
  padding-bottom: 1rem;
}

@media (min-width: 20rem) and (max-width: 37.4375rem) {
  .emotion-38 {
    font-size: 1rem;
    line-height: 1.375rem;
  }
}

@media (min-width: 37.5rem) {
  .emotion-38 {
    font-size: 1rem;
    line-height: 1.375rem;
  }
}

@media (min-width: 63rem) {
  .emotion-38 {
    padding-right: 2.5rem;
  }
}

.emotion-38 ul {
  padding-bottom: 1rem;
  -webkit-padding-start: 1.5rem;
  padding-inline-start: 1.5rem;
}

@media (min-width: 63rem) {
  .emotion-38 ul {
    padding-bottom: 0;
  }
}

.emotion-38 li {
  margin-bottom: 0.5rem;
}

.emotion-38 li:last-child {
  margin-bottom: 0;
}

.emotion-43 {
  border-top: solid 0.125rem #B80000;
  display: inline-block;
  width: 100%;
}

@media screen and (forced-colors: active) {
  .emotion-43 {
    border-bottom: solid 0.1875rem transparent;
  }
}

.emotion-60 {
  color: #141414;
  font-size: 0.875rem;
  line-height: 1.125rem;
  font-family: Helmet,Freesans,Helvetica,Arial,sans-serif;
  font-style: normal;
  font-weight: 400;
  color: #000000;
  display: inline-block;
  width: 100%;
  margin: 0;
  padding: 0.25rem 1rem 0;
}

@media (min-width: 20rem) and (max-width: 37.4375rem) {
  .emotion-60 {
    font-size: 0.875rem;
    line-height: 1.125rem;
  }
}

@media (min-width: 37.5rem) {
  .emotion-60 {
    font-size: 0.8125rem;
    line-height: 1rem;
  }
}

@media (min-width: 37.5rem) {
  .emotion-60 {
    font-size: 0.9375rem;
    line-height: 1.125rem;
  }

  @media (min-width: 20rem) and (max-width: 37.4375rem) {
    .emotion-60 {
      font-size: 0.9375rem;
      line-height: 1.125rem;
    }
  }

  @media (min-width: 37.5rem) {
    .emotion-60 {
      font-size: 0.875rem;
      line-height: 1.125rem;
    }
  }
}

.emotion-66 {
  font-family: Helmet,Freesans,Helvetica,Arial,sans-serif;
  font-weight: 400;
  font-style: italic;
  font-family: inherit;
  font-weight: inherit;
}

.emotion-69 {
  margin-bottom: 1.5rem;
  color: #000000;
  margin: 0;
  padding-bottom: 1rem;
}

@media (max-width: 14.9375rem) {
  .emotion-69 {
    padding: 0 0.5rem;
    margin-left: 0%;
  }
}

@media (min-width: 15rem) and (max-width: 24.9375rem) {
  .emotion-69 {
    padding: 0 0.5rem;
    margin-left: 0%;
  }
}

@media (min-width: 25rem) and (max-width: 37.4375rem) {
  .emotion-69 {
    padding: 0 1rem;
    margin-left: 0%;
  }
}

@media (min-width: 37.5rem) and (max-width: 62.9375rem) {
  .emotion-69 {
    padding: 0 1rem;
    margin-left: 0%;
  }
}

@media (min-width: 63rem) and (max-width: 79.9375rem) {
  .emotion-69 {
    margin-left: 20%;
  }
}

@media (min-width: 80rem) {
  .emotion-69 {
    margin-left: 40%;
  }
}

@supports (display: grid) {
  .emotion-69 {
    display: block;
    width: initial;
    margin: 0;
  }

  @media (max-width: 14.9375rem) {
    .emotion-69 {
      grid-template-columns: repeat(6, 1fr);
      grid-column-end: span 6;
      padding: 0 0.5rem;
      grid-column-start: 1;
    }
  }

  @media (min-width: 15rem) and (max-width: 24.9375rem) {
    .emotion-69 {
      grid-template-columns: repeat(6, 1fr);
      grid-column-end: span 6;
      padding: 0 0.5rem;
      grid-column-start: 1;
    }
  }

  @media (min-width: 25rem) and (max-width: 37.4375rem) {
    .emotion-69 {
      grid-template-columns: repeat(6, 1fr);
      grid-column-end: span 6;
      padding: 0 1rem;
      grid-column-start: 1;
    }
  }

  @media (min-width: 37.5rem) and (max-width: 62.9375rem) {
    .emotion-69 {
      grid-template-columns: repeat(5, 1fr);
      grid-column-end: span 5;
      padding: 0 1rem;
      grid-column-start: 1;
    }
  }

  @media (min-width: 63rem) and (max-width: 79.9375rem) {
    .emotion-69 {
      grid-template-columns: repeat(5, 1fr);
      grid-column-end: span 5;
      grid-column-start: 2;
    }
  }

  @media (min-width: 80rem) {
    .emotion-69 {
      grid-template-columns: repeat(10, 1fr);
      grid-column-end: span 10;
      grid-column-start: 5;
    }
  }
}

.emotion-69 ul {
  padding-bottom: 1rem;
  -webkit-padding-start: 1.5rem;
  padding-inline-start: 1.5rem;
}

@media (min-width: 63rem) {
  .emotion-69 ul {
    padding-bottom: 0;
  }
}

.emotion-69 li {
  margin-bottom: 0.5rem;
}

.emotion-69 li:last-child {
  margin-bottom: 0;
}

.emotion-71 {
  margin-top: 0;
  list-style-type: none;
  font-size: 0.9375rem;
  line-height: 1.25rem;
  font-family: Helmet,Freesans,Helvetica,Arial,sans-serif;
  font-style: normal;
  font-weight: 400;
}

@media (min-width: 20rem) and (max-width: 37.4375rem) {
  .emotion-71 {
    font-size: 1rem;
    line-height: 1.375rem;
  }
}

@media (min-width: 37.5rem) {
  .emotion-71 {
    font-size: 1rem;
    line-height: 1.375rem;
  }
}

.emotion-71>li {
  position: relative;
  color: inherit;
}

.emotion-71>li::before {
  top: 0.5rem;
  content: "";
  position: absolute;
  border-width: 1rem;
  inset-inline-start: -1rem;
}

.emotion-71>li::before {
  border: 0.1875rem solid #3F3F42;
  background-color: #3F3F42;
  border-radius: 50%;
}

<div>
  <noscript />
  <main>
    <div
      class="emotion-0"
    >
      <div
        class="emotion-1"
      >
        <div
          class="emotion-2"
        />
      </div>
      <div
        class="emotion-3"
      >
        <div
          class="emotion-4"
        />
        <div
          class="emotion-5"
        >
          <h1
            class="emotion-6"
            id="content"
            tabindex="-1"
          >
            <span
              class="emotion-7"
            >
              Israeli tanks shell Jabalia camp as heavy fighting continues in north Gaza
            </span>
          </h1>
          <p
            class="emotion-8"
          >
            The refugee camp has been hit by hundreds of shells, where Hamas says 100,000 people are still sheltering
          </p>
        </div>
      </div>
    </div>
    <div
      class="emotion-9"
    >
      <div
        class="emotion-10"
      >
        <section
          aria-label="Summary"
          data-e2e="key-points"
          role="region"
        >
          <h2
            class="emotion-11"
          >
            Summary
          </h2>
          <div
            class="emotion-12"
          >
            <div
              class="emotion-13 emotion-14 emotion-15"
              dir="ltr"
            >
              <ul
                class="emotion-16"
                role="list"
              >
                <li
                  class="emotion-17"
                  role="listitem"
                >
                  I am the summary box
                </li>
                <li
                  class="emotion-17"
                  role="listitem"
                >
                  I need to include bulletpoints
                </li>
                <li
                  class="emotion-17"
                  role="listitem"
                >
                  I want to 
                  <a
                    class="focusIndicatorReducedWidth emotion-20 emotion-21"
                    href="/pidgin"
                  >
                    link to somebody
                  </a>
                </li>
              </ul>
            </div>
          </div>
        </section>
      </div>
      <div
        class="emotion-22"
      >
        <div>
          <h2
            class="emotion-23"
          >
            Live Coverage
          </h2>
          <p
            class="emotion-24"
            data-testid="live-contributors"
          >
            Not a random dude
          </p>
          <ol
            class="emotion-25"
            role="list"
          >
            <li
              class="emotion-26"
            >
              <article
                class="emotion-27"
              >
                <h3
                  class="emotion-28"
                  id="asset:2aa3edd0-abe6-4cf3-a2fe-a1a5e98aa71e"
                  tabindex="-1"
                >
                  <span
                    role="text"
                  >
                    <span
                      class="emotion-29"
                    >
                      <time
                        class="emotion-30 emotion-31"
                        datetime="09 May 2023"
                      >
                        9 May 2023
                      </time>
                      <span
                        class="emotion-32"
                        data-testid="breaking-news-label"
                      >
                        Breaking
                      </span>
                      <span
                        class="emotion-33"
                      >
                        , 
                      </span>
                    </span>
                    <span
                      class="headingStyling emotion-34"
                    >
                      Breaking news
                    </span>
                  </span>
                </h3>
                <div
                  class="emotion-35"
                >
                  <div
                    class="emotion-36 emotion-15"
                    dir="ltr"
                  >
                    <p
                      class="postStyles emotion-38 emotion-39"
                      dir="ltr"
                    >
                      Breaking news
                    </p>
                  </div>
                </div>
              </article>
            </li>
            <li
              class="emotion-26"
            >
              <article
                class="emotion-27"
              >
                <h3
                  class="emotion-28"
                  id="asset:7cfd060e-d8e0-4364-b177-31d58ae0c062"
                  tabindex="-1"
                >
                  <span
                    role="text"
                  >
                    <span
                      class="emotion-43"
                    >
                      <time
                        class="emotion-30 emotion-31"
                        datetime="09 May 2023"
                      >
                        9 May 2023
                      </time>
                    </span>
                    <span
                      class="headingStyling emotion-34"
                    >
                      Published 6.07pm Tues 9th
                    </span>
                  </span>
                </h3>
                <div
                  class="emotion-35"
                >
                  <div
                    class="emotion-36 emotion-15"
                    dir="ltr"
                  >
                    <p
                      class="postStyles emotion-38 emotion-39"
                      dir="ltr"
                    >
                      Timestamp test
                    </p>
                  </div>
                </div>
              </article>
            </li>
            <li
              class="emotion-26"
            >
              <article
                class="emotion-27"
              >
                <h3
                  class="emotion-28"
                  id="asset:1009a4c7-ef57-4d77-a0f7-3ef886baee4c"
                  tabindex="-1"
                >
                  <span
                    role="text"
                  >
                    <span
                      class="emotion-43"
                    >
                      <time
                        class="emotion-30 emotion-31"
                        datetime="21 March 2023"
                      >
                        21 March 2023
                      </time>
                    </span>
                    <span
                      class="headingStyling emotion-34"
                    >
                      Another post
                    </span>
                    <span
                      class="emotion-33"
                    >
                      , 
                    </span>
                    <span
                      class="headingStyling emotion-60"
                    >
                      Another post sub headline
                    </span>
                  </span>
                </h3>
                <div
                  class="emotion-35"
                >
                  <div
                    class="emotion-36 emotion-15"
                    dir="ltr"
                  >
                    <p
                      class="postStyles emotion-38 emotion-39"
                      dir="ltr"
                    >
                      <b>
                        Another 
                      </b>
                      <i
                        class="emotion-66 emotion-67"
                      >
                        short form text
                      </i>
                    </p>
                  </div>
                  <div
                    class="postStyles emotion-13 emotion-69 emotion-15"
                    dir="ltr"
                  >
                    <ul
                      class="emotion-71"
                      role="list"
                    >
                      <li
                        class="emotion-17"
                        role="listitem"
                      >
                        <i
                          class="emotion-66 emotion-67"
                        >
                          one
                        </i>
                      </li>
                      <li
                        class="emotion-17"
                        role="listitem"
                      >
                        <i
                          class="emotion-66 emotion-67"
                        >
                          two
                        </i>
                      </li>
                      <li
                        class="emotion-17"
                        role="listitem"
                      >
                        <i
                          class="emotion-66 emotion-67"
                        >
                          three
                        </i>
                      </li>
                    </ul>
                  </div>
                  <div
                    class="emotion-36 emotion-15"
                    dir="ltr"
                  >
                    <p
                      class="postStyles emotion-38 emotion-39"
                      dir="ltr"
                    />
                  </div>
                  <div
                    class="postStyles emotion-13 emotion-69 emotion-15"
                    dir="ltr"
                  >
                    <ul
                      class="emotion-71"
                      role="list"
                    >
                      <li
                        class="emotion-17"
                        role="listitem"
                      >
                        <i
                          class="emotion-66 emotion-67"
                        >
                          Bullet 1
                        </i>
                      </li>
                      <li
                        class="emotion-17"
                        role="listitem"
                      >
                        <i
                          class="emotion-66 emotion-67"
                        >
                          Bullet 2
                        </i>
                      </li>
                      <li
                        class="emotion-17"
                        role="listitem"
                      >
                        <i
                          class="emotion-66 emotion-67"
                        >
                          Bullet 3
                        </i>
                      </li>
                    </ul>
                  </div>
                  <div
                    class="emotion-36 emotion-15"
                    dir="ltr"
                  >
                    <p
                      class="postStyles emotion-38 emotion-39"
                      dir="ltr"
                    />
                  </div>
                  <div
                    class="emotion-36 emotion-15"
                    dir="ltr"
                  >
                    <p
                      class="postStyles emotion-38 emotion-39"
                      dir="ltr"
                    >
                      Here is a 
                      <a
                        class="focusIndicatorReducedWidth emotion-20 emotion-21"
                        href="/new/pidgin"
                      >
                        Link
                      </a>
                    </p>
                  </div>
                </div>
              </article>
            </li>
            <li
              class="emotion-26"
            >
              <article
                class="emotion-27"
              >
                <h3
                  class="emotion-28"
                  id="asset:5a8d509c-fb87-4763-90ed-1e63a70c30a2"
                  tabindex="-1"
                >
                  <span
                    role="text"
                  >
                    <span
                      class="emotion-43"
                    >
                      <time
                        class="emotion-30 emotion-31"
                        datetime="21 March 2023"
                      >
                        21 March 2023
                      </time>
                    </span>
                    <span
                      class="headingStyling emotion-34"
                    >
                      Post headline
                    </span>
                    <span
                      class="emotion-33"
                    >
                      , 
                    </span>
                    <span
                      class="headingStyling emotion-60"
                    >
                      Post sub headline
                    </span>
                  </span>
                </h3>
                <div
                  class="emotion-35"
                >
                  <div
                    class="emotion-36 emotion-15"
                    dir="ltr"
                  >
                    <p
                      class="postStyles emotion-38 emotion-39"
                      dir="ltr"
                    >
                      Some short form text
                    </p>
                  </div>
                </div>
              </article>
            </li>
          </ol>
        </div>
      </div>
    </div>
  </main>
</div>
`;
